// Jest Snapshot v1, https://goo.gl/fbAQLP

exports[`matches snapshot 1`] = `
<div
  className="articleContainer"
  data-testid="articleContainer"
>
  <div
    className="articleContainer__heroContainer"
  >
    <div
      className="articleContainer__heroContainer__imageContainer"
    />
    <div
      className="articleContainer__heroContainer__textContainer"
    >
      <h2
        className="articleContainer__heroContainer__textContainer__header"
      />
      <p
        className="articleContainer__heroContainer__textContainer__author"
      >
        07/12/2021 | John Doe
      </p>
    </div>
  </div>
  <div
    className="articleContainer__fullTextContainer"
  >
    <p
      className="articleContainer__fullTextContainer__text"
    />
  </div>
  <div
    className="articleContainer__addToFavoritesContainer"
  >
    <h2
      className="articleContainer__addToFavoritesContainer__text"
    >
      Did you enjoy reading this article? Add it to
      <button
        className="articleContainer__addToFavoritesContainer__text__button"
        data-testid="favoriteButton"
        onClick={[Function]}
      >
        favorites
      </button>
    </h2>
  </div>
  <div
    className="commentsContainer"
    data-testid="commentsContainer"
  >
    <div
      className="commentsContainer__postCommentContainer"
    >
      <label
        className="commentsContainer__postCommentContainer__label"
        htmlFor="userName"
      >
        <span
          className="commentsContainer__postCommentContainer__span"
        >
          <p
            className="commentsContainer__postCommentContainer__span__paragraph"
          >
            Name
          </p>
        </span>
      </label>
      <input
        autoComplete="off"
        className="commentsContainer__postCommentContainer__input"
        name="userName"
        onChange={[Function]}
        required={true}
        type="text"
      />
      <label
        className="commentsContainer__postCommentContainer__label"
        htmlFor="userEmail"
      >
        <span
          className="commentsContainer__postCommentContainer__span"
        >
          <p
            className="commentsContainer__postCommentContainer__span__paragraph"
          >
            Email
          </p>
        </span>
      </label>
      <input
        autoComplete="off"
        className="commentsContainer__postCommentContainer__input"
        name="userEmail"
        onChange={[Function]}
        required={true}
        type="text"
      />
      <label
        className="commentsContainer__postCommentContainer__label"
        htmlFor="commentBody"
      >
        <span
          className="commentsContainer__postCommentContainer__span"
        >
          <p
            className="commentsContainer__postCommentContainer__span__paragraph"
          >
            Comment
          </p>
        </span>
      </label>
      <textarea
        autoComplete="off"
        className="commentsContainer__postCommentContainer__textArea"
        name="commentBody"
        onChange={[Function]}
        required={true}
        type="text"
      />
      <button
        className="commentsContainer__postCommentContainer__button"
        data-testid="postRequest"
        onClick={[Function]}
      >
        Add comment
      </button>
    </div>
  </div>
</div>
`;
